python pipelines/drift_detection_ks.py run \
	--dataset 'data/data_train_features_need_preprocessing.parquet' \
	--reference_dataset 'data/filtered_dataset_for_drift.parquet' \

2025-06-16 19:04:34.862 Workflow starting (run-id 1750093469418530):
2025-06-16 19:04:34.872 [1750093469418530/start/1 (pid 46991)] Task is starting.
2025-06-16 19:04:35.364 [1750093469418530/start/1 (pid 46991)] starting
2025-06-16 19:04:35.389 [1750093469418530/start/1 (pid 46991)] Task finished successfully.
2025-06-16 19:04:35.394 [1750093469418530/load/2 (pid 47016)] Task is starting.
2025-06-16 19:04:35.769 [1750093469418530/load/2 (pid 47016)] loading datasets ...
2025-06-16 19:04:36.140 [1750093469418530/load/2 (pid 47016)] Loading dataset from IncludeFile: 62225629
2025-06-16 19:04:37.068 [1750093469418530/load/2 (pid 47016)] Dataset loaded successfully. Shape: (29323, 10)
2025-06-16 19:04:37.069 [1750093469418530/load/2 (pid 47016)] First 5 rows sample:
2025-06-16 19:04:37.078 [1750093469418530/load/2 (pid 47016)] company_name  ... normalized_salary
2025-06-16 19:04:37.288 [1750093469418530/load/2 (pid 47016)] 0      Corcoran Sawyer Smith  ...           38480.0
2025-06-16 19:04:37.288 [1750093469418530/load/2 (pid 47016)] 2      The National Exemplar  ...           55000.0
2025-06-16 19:04:37.289 [1750093469418530/load/2 (pid 47016)] 3     Abrams Fensterman, LLP  ...          157500.0
2025-06-16 19:04:37.289 [1750093469418530/load/2 (pid 47016)] 5  Downtown Raleigh Alliance  ...           35360.0
2025-06-16 19:04:37.289 [1750093469418530/load/2 (pid 47016)] 6                 Raw Cereal  ...          180000.0
2025-06-16 19:04:37.289 [1750093469418530/load/2 (pid 47016)] 
2025-06-16 19:04:37.289 [1750093469418530/load/2 (pid 47016)] [5 rows x 10 columns]
2025-06-16 19:04:37.289 [1750093469418530/load/2 (pid 47016)] loading datasets: done
2025-06-16 19:04:37.289 [1750093469418530/load/2 (pid 47016)] Task finished successfully.
2025-06-16 19:04:37.294 [1750093469418530/test_ks/3 (pid 47041)] Task is starting.
2025-06-16 19:04:39.147 [1750093469418530/test_ks/3 (pid 47041)] Splitting data into training and test sets (test_size=0.2, random_state=42)...
2025-06-16 19:04:39.150 [1750093469418530/test_ks/3 (pid 47041)] Data split complete.
2025-06-16 19:04:45.608 [1750093469418530/test_ks/3 (pid 47041)] Fitting preprocessor on training data...
2025-06-16 19:04:45.609 [1750093469418530/test_ks/3 (pid 47041)] Preprocessor fitted.
2025-06-16 19:04:52.009 [1750093469418530/test_ks/3 (pid 47041)] Transforming training data...
2025-06-16 19:04:52.010 [1750093469418530/test_ks/3 (pid 47041)] Training data transformed. Shape: (23458, 14421)
2025-06-16 19:04:52.014 [1750093469418530/test_ks/3 (pid 47041)] Successfully retrieved 14421 feature names.
2025-06-16 19:04:52.014 [1750093469418530/test_ks/3 (pid 47041)] Sample feature names: ['title_tfidf__00' 'title_tfidf__000' 'title_tfidf__10' 'title_tfidf__100'
2025-06-16 19:04:52.015 [1750093469418530/test_ks/3 (pid 47041)] 'title_tfidf__100k' 'title_tfidf__12' 'title_tfidf__1st'
2025-06-16 19:04:52.015 [1750093469418530/test_ks/3 (pid 47041)] 'title_tfidf__20' 'title_tfidf__2024' 'title_tfidf__2025'
2025-06-16 19:04:52.015 [1750093469418530/test_ks/3 (pid 47041)] 'title_tfidf__24' 'title_tfidf__25' 'title_tfidf__2nd' 'title_tfidf__30'
2025-06-16 19:04:52.015 [1750093469418530/test_ks/3 (pid 47041)] 'title_tfidf__30pm' 'title_tfidf__3rd' 'title_tfidf__40'
2025-06-16 19:04:52.015 [1750093469418530/test_ks/3 (pid 47041)] 'title_tfidf__50' 'title_tfidf__500' 'title_tfidf__academic']
2025-06-16 19:04:52.015 [1750093469418530/test_ks/3 (pid 47041)] Processed Training DataFrame created.
2025-06-16 19:04:52.042 [1750093469418530/test_ks/3 (pid 47041)] title_tfidf__00  ...  cat_onehot__location_Zionsville, IN
2025-06-16 19:04:53.481 [1750093469418530/test_ks/3 (pid 47041)] 86359               0.0  ...                                  0.0
2025-06-16 19:04:53.482 [1750093469418530/test_ks/3 (pid 47041)] 29690               0.0  ...                                  0.0
2025-06-16 19:04:53.482 [1750093469418530/test_ks/3 (pid 47041)] 101435              0.0  ...                                  0.0
2025-06-16 19:04:53.482 [1750093469418530/test_ks/3 (pid 47041)] 7798                0.0  ...                                  0.0
2025-06-16 19:04:53.482 [1750093469418530/test_ks/3 (pid 47041)] 113150              0.0  ...                                  0.0
2025-06-16 19:04:53.482 [1750093469418530/test_ks/3 (pid 47041)] 
2025-06-16 19:04:53.482 [1750093469418530/test_ks/3 (pid 47041)] [5 rows x 14421 columns]
2025-06-16 19:04:53.482 [1750093469418530/test_ks/3 (pid 47041)] 
2025-06-16 19:04:53.482 [1750093469418530/test_ks/3 (pid 47041)] Transforming test data...
2025-06-16 19:04:53.482 [1750093469418530/test_ks/3 (pid 47041)] Test data transformed. Shape: (5865, 14421)
2025-06-16 19:04:53.503 [1750093469418530/test_ks/3 (pid 47041)] Processed Test DataFrame created.
2025-06-16 19:04:53.503 [1750093469418530/test_ks/3 (pid 47041)] title_tfidf__00  ...  cat_onehot__location_Zionsville, IN
2025-06-16 19:05:19.714 [1750093469418530/test_ks/3 (pid 47041)] 24334              0.0  ...                                  0.0
2025-06-16 19:05:19.715 [1750093469418530/test_ks/3 (pid 47041)] 78289              0.0  ...                                  0.0
2025-06-16 19:05:19.715 [1750093469418530/test_ks/3 (pid 47041)] 42789              0.0  ...                                  0.0
2025-06-16 19:05:19.715 [1750093469418530/test_ks/3 (pid 47041)] 58860              0.0  ...                                  0.0
2025-06-16 19:05:19.715 [1750093469418530/test_ks/3 (pid 47041)] 23441              0.0  ...                                  0.0
2025-06-16 19:05:19.715 [1750093469418530/test_ks/3 (pid 47041)] 
2025-06-16 19:05:19.715 [1750093469418530/test_ks/3 (pid 47041)] [5 rows x 14421 columns]
2025-06-16 19:05:19.715 [1750093469418530/test_ks/3 (pid 47041)] 
2025-06-16 19:05:27.586 [1750093469418530/test_ks/3 (pid 47041)] Drift Detection Report
2025-06-16 19:05:27.586 [1750093469418530/test_ks/3 (pid 47041)] Total features checked: 14421
2025-06-16 19:05:27.586 [1750093469418530/test_ks/3 (pid 47041)] Features with drift (p < 0.05): 4
2025-06-16 19:05:27.587 [1750093469418530/test_ks/3 (pid 47041)] 
2025-06-16 19:05:27.587 [1750093469418530/test_ks/3 (pid 47041)] Features with Drift
2025-06-16 19:05:27.587 [1750093469418530/test_ks/3 (pid 47041)] +---------------------+-----------+-----------+------------------+
2025-06-16 19:05:27.587 [1750093469418530/test_ks/3 (pid 47041)] | Feature             |   KS Stat |   P-Value | Drift Detected   |
2025-06-16 19:05:27.587 [1750093469418530/test_ks/3 (pid 47041)] +=====================+===========+===========+==================+
2025-06-16 19:05:27.587 [1750093469418530/test_ks/3 (pid 47041)] | desc_tfidf__include |    0.0198 |    0.0497 | Yes              |
2025-06-16 19:05:27.587 [1750093469418530/test_ks/3 (pid 47041)] +---------------------+-----------+-----------+------------------+
2025-06-16 19:05:27.587 [1750093469418530/test_ks/3 (pid 47041)] | desc_tfidf__lead    |    0.0211 |    0.03   | Yes              |
2025-06-16 19:05:27.587 [1750093469418530/test_ks/3 (pid 47041)] +---------------------+-----------+-----------+------------------+
2025-06-16 19:05:27.587 [1750093469418530/test_ks/3 (pid 47041)] | desc_tfidf__office  |    0.0205 |    0.0378 | Yes              |
2025-06-16 19:05:27.587 [1750093469418530/test_ks/3 (pid 47041)] +---------------------+-----------+-----------+------------------+
2025-06-16 19:05:27.587 [1750093469418530/test_ks/3 (pid 47041)] | desc_tfidf__systems |    0.02   |    0.0467 | Yes              |
2025-06-16 19:05:27.587 [1750093469418530/test_ks/3 (pid 47041)] +---------------------+-----------+-----------+------------------+
2025-06-16 19:05:27.587 [1750093469418530/test_ks/3 (pid 47041)] 
2025-06-16 19:05:27.587 [1750093469418530/test_ks/3 (pid 47041)] Drift detected in 4 of 14421 features.
2025-06-16 19:05:27.589 [1750093469418530/test_ks/3 (pid 47041)] Task finished successfully.
2025-06-16 19:05:27.595 [1750093469418530/end/4 (pid 47218)] Task is starting.
2025-06-16 19:05:27.950 [1750093469418530/end/4 (pid 47218)] Flow 'DriftTest_KS' completed successfully.
2025-06-16 19:05:28.008 [1750093469418530/end/4 (pid 47218)] Task finished successfully.
2025-06-16 19:05:28.010 Done!
